[2J[H[0m[0;33;40mÛÛÛÛÛÛÛÛÛÛÛÛÛÛÛÛÛÛÛÛÛÛÛÛÛÛÛÛÛÛÛÛÛÛÛÛÛÛÛÛÛÛÛÛÛÛÛÛÛÛÛÛÛÛÛÛÛÛÛÛÛÛÛÛÛÛÛÛÛÛÛÛÛÛÛÛÛÛÛ[0m
[1;36;40mษ[0m[0;36;40mออออออออออออออออออออออออออออออ[1mน[37m Doors & Games [36mฬ[0m[0;36;40mออออออออออออออออออออออออออออออ[1mป[0m
[0m[0;36;40mบ[37m                                                                             [36mบ[0m
[0m[0;36;40mบ[37m    [36mTake a break and play a classic -- every door runs live on your line[37m     [36mบ[0m
[0m[0;36;40mบ[37m                                                                             [36mบ[0m
[0m[0;36;40mบ[37m                                                                             [36mบ[0m
[0m[0;36;40mบ[37m       [1;36m๙[0m[0;37;40m [1;33m[1][0m[0;37;40m [1mTetris[0m[0;37;40m          Falling blocks, the timeless classic  [33m*****[37m     [36mบ[0m
[0m[0;36;40mบ[37m                                                                             [36mบ[0m
[0m[0;36;40mบ[37m       [1;36m๙[0m[0;37;40m [1;33m[2][0m[0;37;40m [1mSnake[0m[0;37;40m           Guide the snake, don't bite your tail [33m****[37m      [36mบ[0m
[0m[0;36;40mบ[37m                                                                             [36mบ[0m
[0m[0;36;40mบ[37m       [1;36m๙[0m[0;37;40m [1;33m[3][0m[0;37;40m [1mBreakout[0m[0;37;40m        Bat, ball and a wall of bricks        [33m****[37m      [36mบ[0m
[0m[0;36;40mบ[37m                                                                             [36mบ[0m
[0m[0;36;40mบ[37m       [1;36m๙[0m[0;37;40m [1;33m[4][0m[0;37;40m [1mBoxed In[0m[0;37;40m        Trap yourself a high score            [33m***[37m       [36mบ[0m
[0m[0;36;40mบ[37m                                                                             [36mบ[0m
[0m[0;36;40mบ[37m       [1;36m๙[0m[0;37;40m [1;33m[5][0m[0;37;40m [1mTrivia[0m[0;37;40m          Test your retro knowledge             [33m****[37m      [36mบ[0m
[0m[0;36;40mบ[37m                                                                             [36mบ[0m
[0m[0;36;40mบ[37m       [1;36m๙[0m[0;37;40m [1;33m[6][0m[0;37;40m [1mPurity Test[0m[0;37;40m     The infamous questionnaire            [33m***[37m       [36mบ[0m
[0m[0;36;40mบ[37m                                                                             [36mบ[0m
[0m[0;36;40mบ[37m       [1;36m๙[0m[0;37;40m [1;33m[7][0m[0;37;40m [1mThe Wall[0m[0;37;40m        Read & scrawl on the graffiti wall    [33m*****[37m     [36mบ[0m
[0m[0;36;40mบ[37m  [36mฤฤฤฤฤฤฤฤฤฤฤฤฤฤฤฤฤฤฤฤฤฤฤฤฤฤฤฤฤฤฤฤฤฤฤฤฤฤฤฤฤฤฤฤฤฤฤฤฤฤฤฤฤฤฤฤฤฤฤฤฤฤฤฤฤฤฤฤฤฤฤฤฤ[37m  [36mบ[0m
[0m[0;36;40mบ[37m       [1;34m[Q][0m[0;37;40m [1mReturn to Main Menu[0m[0;37;40m                                               [36mบ[0m
[0m[0;36;40mบ[37m     [36mPlay[37m [1;33mฏ[0m[0;37;40m [1mÛ[0m[0;37;40m                                                                [36mบ[0m
[0m[0;36;40mศอออออออออออออออออออออออออออออออออออออออออออออออออออออออออออออออออออออออออออออผ[0m
[1;37;44m [36m ฏ Line 1  ๙  GUEST[37m                                           [Q] Main Menu   [0m