[2J[H[0m[0;33;40mÛÛÛÛÛÛÛÛÛÛÛÛÛÛÛÛÛÛÛÛÛÛÛÛÛÛÛÛÛÛÛÛÛÛÛÛÛÛÛÛÛÛÛÛÛÛÛÛÛÛÛÛÛÛÛÛÛÛÛÛÛÛÛÛÛÛÛÛÛÛÛÛÛÛÛÛÛÛÛ[0m
[1;36;40mษ[0m[0;36;40mอออออออออออออออออออออออออออออออออออออออออออออออออออออออออออออออออออออออออออออ[1mป[0m
[0m[0;36;40mบ[37m                             [1;33mT H E   Y E L L O W[0m[0;37;40m                             [36mบ[0m
[0m[0;36;40mบ[37m                 [33mÛÛÛÛÛ[37m  [33mÛÛÛ[37m   [33mÛÛÛ[37m   [33mÛÛÛÛ[37m [33mÛÛÛÛÛ[37m [33mÛÛÛÛÛ[37m [33mÛÛÛÛ[37m                    [36mบ[0m
[0m[0;36;40mบ[37m                  [31mÛ[33mÛ[31mÛÛÛ[33mÛ[37m [31mÛÛ[33mÛ[37m [33mÛ[37m [31mÛÛ[33mÛ[37m [33mÛ[37m [31mÛÛÛÛ[37m [31mÛ[33mÛ[31mÛÛÛ[33mÛ[31mÛÛÛÛÛ[33mÛ[31mÛÛÛ[33mÛ[37m                   [36mบ[0m
[0m[0;36;40mบ[37m                   [33mÛ[31mÛ[37m  [33mÛ[31mÛ[37m  [33mÛ[31mÛ[33mÛÛÛÛÛ[31mÛ[37m [33mÛÛÛ[37m    [33mÛ[31mÛ[37m  [33mÛÛÛ[37m   [33mÛÛÛÛ[37m [31mÛ[37m                  [36mบ[0m
[0m[0;36;40mบ[37m                   [33mÛ[31mÛ[37m  [33mÛ[31mÛ[37m  [33mÛ[31mÛ[33mÛ[31mÛÛÛ[33mÛ[31mÛ[37m  [31mÛÛ[33mÛ[37m   [33mÛ[31mÛ[37m  [33mÛ[31mÛÛÛ[37m  [33mÛ[31mÛÛ[33mÛ[31mÛ[37m                   [36mบ[0m
[0m[0;36;40mบ[37m                   [33mÛ[31mÛ[37m   [33mÛÛÛ[37m [31mÛ[33mÛ[31mÛ[37m  [33mÛ[31mÛ[33mÛÛÛÛ[37m [31mÛ[37m  [33mÛ[31mÛ[37m  [33mÛÛÛÛÛ[37m [33mÛ[31mÛ[37m  [33mÛ[37m                   [36mบ[0m
[0m[0;36;40mบ[37m                         [1;33mF I L E   L I B R A R I E S[0m[0;37;40m                         [36mบ[0m
[0m[0;36;40mบ[37m                                                                             [36mบ[0m
[0m[0;36;40mบ[37m   [33mฐฐฐฐฐฐฐฐฐฐฐฐฐฐฐฐฐฐฐฐฐฐฐฐฐฐฑฑฑฑฒฒฒฒÛÛÛฒฒฒฒฑฑฑฑฐฐฐฐฐฐฐฐฐฐฐฐฐฐฐฐฐฐฐฐฐฐฐฐฐฐ[37m   [36mบ[0m
[0m[0;36;40mบ[37m    [30;46m BROWSE [37;40m                  [30;46m TRANSFER [37;40m               [30;46m SESSION [37;40m             [36mบ[0m
[0m[0;36;40mบ[37m    [36m[[1;33mL[0m[0;36;40m][37m [1mList files[0m[0;37;40m            [36m[[1;33mD[0m[0;36;40m][37m [1mDownload a file[0m[0;37;40m      [36m[[1;33mQ[0m[0;36;40m][37m [1mBack to main[0m[0;37;40m      [36mบ[0m
[0m[0;36;40mบ[37m    [36m[[1;33mA[0m[0;36;40m][37m [1mChange area[0m[0;37;40m           [36m[[1;33mU[0m[0;36;40m][37m [1mUpload a file[0m[0;37;40m                              [36mบ[0m
[0m[0;36;40mบ[37m    [36m[[1;33mS[0m[0;36;40m][37m [1mScan new files[0m[0;37;40m                                                       [36mบ[0m
[0m[0;36;40mบ[37m    [36m[[1;33mV[0m[0;36;40m][37m [1mView file info[0m[0;37;40m                                                       [36mบ[0m
[0m[0;36;40mบ[37m                                                                             [36mบ[0m
[0m[0;36;40mบ[37m                                                                             [36mบ[0m
[0m[0;36;40mบ[37m                                                                             [36mบ[0m
[0m[0;36;40mบ[37m                                                                             [36mบ[0m
[0m[0;36;40mบ[37m                                                                             [36mบ[0m
[0m[0;36;40mบ[37m   [33mฐฐฐฐฐฐฐฐฐฐฐฐฐฐฐฐฐฐฐฐฐฐฐฐฐฐฑฑฑฑฒฒฒฒÛÛÛฒฒฒฒฑฑฑฑฐฐฐฐฐฐฐฐฐฐฐฐฐฐฐฐฐฐฐฐฐฐฐฐฐฐ[37m   [36mบ[0m
[0m[0;36;40mบ[37m                                                                             [36mบ[0m
[0m[0;36;40mบ[37m                                                                             [36mบ[0m
[0m[0;36;40mศอออออออออออออออออออออออออออออออออออออออออออออออออออออออออออออออออออออออออออออผ[0m