[2J[H[0m[0;33;40mÛÛÛÛÛÛÛÛÛÛÛÛÛÛÛÛÛÛÛÛÛÛÛÛÛÛÛÛÛÛÛÛÛÛÛÛÛÛÛÛÛÛÛÛÛÛÛÛÛÛÛÛÛÛÛÛÛÛÛÛÛÛÛÛÛÛÛÛÛÛÛÛÛÛÛÛÛÛÛ[0m
[1;36;40mษ[0m[0;36;40mอออออออออออออออออออออออออออออออออออออออออออออออออออออออออออออออออออออออออออออ[1mป[0m
[0m[0;36;40mบ[37m                                                                             [36mบ[0m
[0m[0;36;40mบ[37m                                                                             [36mบ[0m
[0m[0;36;40mบ[37m                                    [33m7 3 ![37m                                    [36mบ[0m
[0m[0;36;40mบ[37m                                                                             [36mบ[0m
[0m[0;36;40mบ[37m                             [1mThanks for calling[0m[0;37;40m                              [36mบ[0m
[0m[0;36;40mบ[37m                             [1;33mTHE YELLOW TOASTER[0m[0;37;40m                              [36mบ[0m
[0m[0;36;40mบ[37m                                                                             [36mบ[0m
[0m[0;36;40mบ[37m                         [33mฑฑฑฑฑฑฑฑฑฑฑฑฑฑฑฑฑฑฑฑฑฑฑฑฑฑฑฑ[37m                        [36mบ[0m
[0m[0;36;40mบ[37m                                                                             [36mบ[0m
[0m[0;36;40mบ[37m                       [36mฺฤ[1mน This call ฬ[0m[0;36;40mฤฤฤฤฤฤฤฤฤฤฤฤฤฤฤฤฟ[37m                      [36mบ[0m
[0m[0;36;40mบ[37m                       [36mณ[37m                              [36mณ[37m                      [36mบ[0m
[0m[0;36;40mบ[37m                       [36mณ[37m  Time on           [1;33m00:17:42[0m[0;37;40m  [36mณ[37m                      [36mบ[0m
[0m[0;36;40mบ[37m                       [36mณ[37m  Downloads         [1;33m2 files[0m[0;37;40m   [36mณ[37m                      [36mบ[0m
[0m[0;36;40mบ[37m                       [36mณ[37m  Posts made        [1;33m3[0m[0;37;40m         [36mณ[37m                      [36mบ[0m
[0m[0;36;40mบ[37m                       [36mณ[37m  Calls total       [1;33m1,024[0m[0;37;40m     [36mณ[37m                      [36mบ[0m
[0m[0;36;40mบ[37m                       [36mณ[37m                              [36mณ[37m                      [36mบ[0m
[0m[0;36;40mบ[37m                       [36mภฤฤฤฤฤฤฤฤฤฤฤฤฤฤฤฤฤฤฤฤฤฤฤฤฤฤฤฤฤฤู[37m                      [36mบ[0m
[0m[0;36;40mบ[37m                                                                             [36mบ[0m
[0m[0;36;40mบ[37m              [1;30mHang up when ready -- carrier will drop shortly.[0m[0;37;40m               [36mบ[0m
[0m[0;36;40mบ[37m                            [36mSee you next time o/[37m                             [36mบ[0m
[0m[0;36;40mศอออออออออออออออออออออออออออออออออออออออออออออออออออออออออออออออออออออออออออออผ[0m
[1;37;44m [36mฏ NO CARRIER[37m                                               The Yellow Toaster [0m