[2J[H[0m[0;33;40mÛÛÛÛÛÛÛÛÛÛÛÛÛÛÛÛÛÛÛÛÛÛÛÛÛÛÛÛÛÛÛÛÛÛÛÛÛÛÛÛÛÛÛÛÛÛÛÛÛÛÛÛÛÛÛÛÛÛÛÛÛÛÛÛÛÛÛÛÛÛÛÛÛÛÛÛÛÛÛ[0m
[1;36;40mษ[0m[0;36;40mออออออออออออออออออออออออออออออ[1mน[37m Last Callers [36mฬ[0m[0;36;40mอออออออออออออออออออออออออออออออ[1mป[0m
[0m[0;36;40mบ[37m                                                                             [36mบ[0m
[0m[0;36;40mบ[37m                    [36mRecent callers to The Yellow Toaster[37m                     [36mบ[0m
[0m[0;36;40mบ[37m                                                                             [36mบ[0m
[0m[0;36;40mบ[37m       [1;33mUser[0m[0;37;40m            [1;33mReal Name[0m[0;37;40m                 [1;33mWhen[0m[0;37;40m                        [36mบ[0m
[0m[0;36;40mบ[37m   [36mฤฤฤฤฤฤฤฤฤฤฤฤฤฤฤฤฤฤฤฤฤฤฤฤฤฤฤฤฤฤฤฤฤฤฤฤฤฤฤฤฤฤฤฤฤฤฤฤฤฤฤฤฤฤฤฤฤฤฤฤฤฤฤฤฤฤฤฤฤฤฤ[37m   [36mบ[0m
[0m[0;36;40mบ[37m                                                                             [36mบ[0m
[0m[0;36;40mบ[37m                                                                             [36mบ[0m
[0m[0;36;40mบ[37m                                                                             [36mบ[0m
[0m[0;36;40mบ[37m                                                                             [36mบ[0m
[0m[0;36;40mบ[37m                                                                             [36mบ[0m
[0m[0;36;40mบ[37m                                                                             [36mบ[0m
[0m[0;36;40mบ[37m                                                                             [36mบ[0m
[0m[0;36;40mบ[37m                                                                             [36mบ[0m
[0m[0;36;40mบ[37m                                                                             [36mบ[0m
[0m[0;36;40mบ[37m                                                                             [36mบ[0m
[0m[0;36;40mบ[37m                                                                             [36mบ[0m
[0m[0;36;40mบ[37m                                                                             [36mบ[0m
[0m[0;36;40mบ[37m                                                                             [36mบ[0m
[0m[0;36;40mบ[37m   [36mฤฤฤฤฤฤฤฤฤฤฤฤฤฤฤฤฤฤฤฤฤฤฤฤฤฤฤฤฤฤฤฤฤฤฤฤฤฤฤฤฤฤฤฤฤฤฤฤฤฤฤฤฤฤฤฤฤฤฤฤฤฤฤฤฤฤฤฤฤฤฤ[37m   [36mบ[0m
[0m[0;36;40mบ[37m                                                                             [36mบ[0m
[0m[0;36;40mบ[37m                                                                             [36mบ[0m
[0m[0;36;40mบ[37m                                                                             [36mบ[0m
[0m[0;36;40mศอออออออออออออออออออออออออออออออออออออออออออออออออออออออออออออออออออออออออออออผ[0m