[2J[H[0m[0;33;40mÛÛÛÛÛÛÛÛÛÛÛÛÛÛÛÛÛÛÛÛÛÛÛÛÛÛÛÛÛÛÛÛÛÛÛÛÛÛÛÛÛÛÛÛÛÛÛÛÛÛÛÛÛÛÛÛÛÛÛÛÛÛÛÛÛÛÛÛÛÛÛÛÛÛÛÛÛÛÛ[0m
[1;36;40mษ[0m[0;36;40mอออออออออออออออออออออออออออออออออออออออออออออออออออออออออออออออออออออออออออออ[1mป[0m
[0m[0;36;40mบ[37m                             [1;33mT H E   Y E L L O W[0m[0;37;40m                             [36mบ[0m
[0m[0;36;40mบ[37m                 [33mÛÛÛÛÛ[37m  [33mÛÛÛ[37m   [33mÛÛÛ[37m   [33mÛÛÛÛ[37m [33mÛÛÛÛÛ[37m [33mÛÛÛÛÛ[37m [33mÛÛÛÛ[37m                    [36mบ[0m
[0m[0;36;40mบ[37m                  [31mÛ[33mÛ[31mÛÛÛ[33mÛ[37m [31mÛÛ[33mÛ[37m [33mÛ[37m [31mÛÛ[33mÛ[37m [33mÛ[37m [31mÛÛÛÛ[37m [31mÛ[33mÛ[31mÛÛÛ[33mÛ[31mÛÛÛÛÛ[33mÛ[31mÛÛÛ[33mÛ[37m                   [36mบ[0m
[0m[0;36;40mบ[37m                   [33mÛ[31mÛ[37m  [33mÛ[31mÛ[37m  [33mÛ[31mÛ[33mÛÛÛÛÛ[31mÛ[37m [33mÛÛÛ[37m    [33mÛ[31mÛ[37m  [33mÛÛÛ[37m   [33mÛÛÛÛ[37m [31mÛ[37m                  [36mบ[0m
[0m[0;36;40mบ[37m                   [33mÛ[31mÛ[37m  [33mÛ[31mÛ[37m  [33mÛ[31mÛ[33mÛ[31mÛÛÛ[33mÛ[31mÛ[37m  [31mÛÛ[33mÛ[37m   [33mÛ[31mÛ[37m  [33mÛ[31mÛÛÛ[37m  [33mÛ[31mÛÛ[33mÛ[31mÛ[37m                   [36mบ[0m
[0m[0;36;40mบ[37m                   [33mÛ[31mÛ[37m   [33mÛÛÛ[37m [31mÛ[33mÛ[31mÛ[37m  [33mÛ[31mÛ[33mÛÛÛÛ[37m [31mÛ[37m  [33mÛ[31mÛ[37m  [33mÛÛÛÛÛ[37m [33mÛ[31mÛ[37m  [33mÛ[37m                   [36mบ[0m
[0m[0;36;40mบ[37m                           [1;33mL A S T   C A L L E R S[0m[0;37;40m                           [36mบ[0m
[0m[0;36;40mบ[37m                  [33m~ Recent callers to The Yellow Toaster ~[37m                   [36mบ[0m
[0m[0;36;40mบ[37m   [33mฐฐฐฐฐฐฐฐฐฐฐฐฐฐฐฐฐฐฐฐฐฐฐฐฐฐฑฑฑฑฒฒฒฒÛÛÛฒฒฒฒฑฑฑฑฐฐฐฐฐฐฐฐฐฐฐฐฐฐฐฐฐฐฐฐฐฐฐฐฐฐ[37m   [36mบ[0m
[0m[0;36;40mบ[37m    [1;33mUser[0m[0;37;40m            [1;33mReal Name[0m[0;37;40m                 [1;33mWhen[0m[0;37;40m                           [36mบ[0m
[0m[0;36;40mบ[37m    [36mฤฤฤฤฤฤฤฤฤฤฤฤฤฤฤฤฤฤฤฤฤฤฤฤฤฤฤฤฤฤฤฤฤฤฤฤฤฤฤฤฤฤฤฤฤฤฤฤฤฤฤฤฤฤฤฤฤฤฤฤฤฤฤฤฤฤฤฤฤ[37m    [36mบ[0m
[0m[0;36;40mบ[37m                                                                             [36mบ[0m
[0m[0;36;40mบ[37m                                                                             [36mบ[0m
[0m[0;36;40mบ[37m                                                                             [36mบ[0m
[0m[0;36;40mบ[37m                                                                             [36mบ[0m
[0m[0;36;40mบ[37m                                                                             [36mบ[0m
[0m[0;36;40mบ[37m                                                                             [36mบ[0m
[0m[0;36;40mบ[37m                                                                             [36mบ[0m
[0m[0;36;40mบ[37m                                                                             [36mบ[0m
[0m[0;36;40mบ[37m                                                                             [36mบ[0m
[0m[0;36;40mบ[37m                                                                             [36mบ[0m
[0m[0;36;40mบ[37m                                                                             [36mบ[0m
[0m[0;36;40mศอออออออออออออออออออออออออออออออออออออออออออออออออออออออออออออออออออออออออออออผ[0m