[2J[H[0m[0;33;40mÛÛÛÛÛÛÛÛÛÛÛÛÛÛÛÛÛÛÛÛÛÛÛÛÛÛÛÛÛÛÛÛÛÛÛÛÛÛÛÛÛÛÛÛÛÛÛÛÛÛÛÛÛÛÛÛÛÛÛÛÛÛÛÛÛÛÛÛÛÛÛÛÛÛÛÛÛÛÛ[0m
[1;36;40mษ[0m[0;36;40mออออออออออออออออออออ[1mน[37m The Yellow Toaster  -  Main Menu [36mฬ[0m[0;36;40mอออออออออออออออออออออ[1mป[0m
[0m[0;36;40mบ[37m                                                                             [36mบ[0m
[0m[0;36;40mบ[37m   Welcome back, [1;33mGUEST[0m[0;37;40m                         Calls:  [1;36m1,024[0m[0;37;40m                 [36mบ[0m
[0m[0;36;40mบ[37m   Access: [1;32mSysop[0m[0;37;40m                               Time left: [1;36m58 min[0m[0;37;40m             [36mบ[0m
[0m[0;36;40mบ[37m  [36mฤฤฤฤฤฤฤฤฤฤฤฤฤฤฤฤฤฤฤฤฤฤฤฤฤฤฤฤฤฤฤฤฤฤฤฤฤฤฤฤฤฤฤฤฤฤฤฤฤฤฤฤฤฤฤฤฤฤฤฤฤฤฤฤฤฤฤฤฤฤฤฤฤ[37m  [36mบ[0m
[0m[0;36;40mบ[37m                                                                             [36mบ[0m
[0m[0;36;40mบ[37m    [33mMESSAGES[36mฤฤฤฤฤฤฤฤฤฤฤฤ[37m     [33mFILES & FUN[36mฤฤฤฤฤฤฤฤฤ[37m     [33mCOMMUNITY[36mฤฤฤฤฤฤฤฤฤฤฤ[37m   [36mบ[0m
[0m[0;36;40mบ[37m    [1;36m๙[0m[0;37;40m [1;33m[M][0m[0;37;40m [1mMessage Bases[0m[0;37;40m      [1;36mฏ[0m[0;37;40m [1;33m[F][0m[0;37;40m [1mFile Libraries[0m[0;37;40m     [1;36m๙[0m[0;37;40m [1;33m[W][0m[0;37;40m [1mThe Wall[0m[0;37;40m         [36mบ[0m
[0m[0;36;40mบ[37m    [1;36mฏ[0m[0;37;40m [1;33m[S][0m[0;37;40m [1mScan for New[0m[0;37;40m       [1;36m๙[0m[0;37;40m [1;33m[D][0m[0;37;40m [1mDoors & Games[0m[0;37;40m      [1;36mฏ[0m[0;37;40m [1;33m[B][0m[0;37;40m [1mBulletins[0m[0;37;40m        [36mบ[0m
[0m[0;36;40mบ[37m    [1;36m๐[0m[0;37;40m [1;33m[I][0m[0;37;40m [1mYour Inbox[0m[0;37;40m         [1;36m๘[0m[0;37;40m [1;33m[O][0m[0;37;40m [1mWho's Online[0m[0;37;40m       [1;36m๙[0m[0;37;40m [1;33m[L][0m[0;37;40m [1mLast Callers[0m[0;37;40m     [36mบ[0m
[0m[0;36;40mบ[37m                                                                             [36mบ[0m
[0m[0;36;40mบ[37m  [36mฤฤฤฤฤฤฤฤฤฤฤฤฤฤฤฤฤฤฤฤฤฤฤฤฤฤฤฤฤฤฤฤฤฤฤฤฤฤฤฤฤฤฤฤฤฤฤฤฤฤฤฤฤฤฤฤฤฤฤฤฤฤฤฤฤฤฤฤฤฤฤฤฤ[37m  [36mบ[0m
[0m[0;36;40mบ[37m                                                                             [36mบ[0m
[0m[0;36;40mบ[37m    [33mYOUR ACCOUNT[36mฤฤฤฤฤฤฤฤ[37m     [33mTHE SYSTEM[36mฤฤฤฤฤฤฤฤฤฤ[37m     [33mEXIT[36mฤฤฤฤฤฤฤฤฤฤฤฤฤฤฤฤ[37m   [36mบ[0m
[0m[0;36;40mบ[37m    [1;36m๙[0m[0;37;40m [1;33m[U][0m[0;37;40m [1mSettings[0m[0;37;40m           [1;36m๙[0m[0;37;40m [1;33m[H][0m[0;37;40m [1mHall of Fame[0m[0;37;40m       [1;36mฏ[0m[0;37;40m [1;34m[Q][0m[0;37;40m [1mLog Off[0m[0;37;40m          [36mบ[0m
[0m[0;36;40mบ[37m    [1;36m๙[0m[0;37;40m [1;33m[G][0m[0;37;40m [1mFeedback[0m[0;37;40m           [1;36m๙[0m[0;37;40m [1;33m[V][0m[0;37;40m [1mVoting Booth[0m[0;37;40m                              [36mบ[0m
[0m[0;36;40mบ[37m    [1;36m๙[0m[0;37;40m [1;33m[C][0m[0;37;40m [1mChat to Sysop[0m[0;37;40m      [1;36m?[0m[0;37;40m [1;33m[?][0m[0;37;40m [1mHelp & Commands[0m[0;37;40m                           [36mบ[0m
[0m[0;36;40mบ[37m                                                                             [36mบ[0m
[0m[0;36;40mบ[37m                                                                             [36mบ[0m
[0m[0;36;40mบ[37m     [36mCommand[37m [1;33mฏ[0m[0;37;40m [1mÛ[0m[0;37;40m                                                             [36mบ[0m
[0m[0;36;40mบ[37m                                                                             [36mบ[0m
[0m[0;36;40mศอออออออออออออออออออออออออออออออออออออออออออออออออออออออออออออออออออออออออออออผ[0m
[1;37;44m [36m ฏ Line 1  ๙  GUEST[37m                                     [?] Help  ๙  choose   [0m