[2J[H[0m[0;33;40mÛÛÛÛÛÛÛÛÛÛÛÛÛÛÛÛÛÛÛÛÛÛÛÛÛÛÛÛÛÛÛÛÛÛÛÛÛÛÛÛÛÛÛÛÛÛÛÛÛÛÛÛÛÛÛÛÛÛÛÛÛÛÛÛÛÛÛÛÛÛÛÛÛÛÛÛÛÛÛ[0m
[1;36;40mษ[0m[0;36;40mออออออออออออออออออออ[1mน[37m The Yellow Toaster  -  Main Menu [36mฬ[0m[0;36;40mอออออออออออออออออออออ[1mป[0m
[0m[0;36;40mบ[37m                                                                             [36mบ[0m
[0m[0;36;40mบ[37m                                                                             [36mบ[0m
[0m[0;36;40mบ[37m                                                                             [36mบ[0m
[0m[0;36;40mบ[37m                                                                             [36mบ[0m
[0m[0;36;40mบ[37m                                                                             [36mบ[0m
[0m[0;36;40mบ[37m   [36mฤฤฤฤฤฤฤฤฤฤฤฤฤฤฤฤฤฤฤฤฤฤฤฤฤฤฤฤฤฤฤฤฤฤฤฤฤฤฤฤฤฤฤฤฤฤฤฤฤฤฤฤฤฤฤฤฤฤฤฤฤฤฤฤฤฤฤฤฤฤฤ[37m   [36mบ[0m
[0m[0;36;40mบ[37m                                                                             [36mบ[0m
[0m[0;36;40mบ[37m   [33mMESSAGES[36mฤฤฤฤฤฤฤฤฤฤฤฤฤ[37m    [33mFILES & FUN[36mฤฤฤฤฤฤฤฤฤฤ[37m    [33mCOMMUNITY[36mฤฤฤฤฤฤฤฤฤฤฤฤ[37m   [36mบ[0m
[0m[0;36;40mบ[37m   [1;36mฏ[0m[0;37;40m [1;33m[M][0m[0;37;40m [1mMessage Bases[0m[0;37;40m      [1;36mฏ[0m[0;37;40m [1;33m[F][0m[0;37;40m [1mFile Libraries[0m[0;37;40m     [1;36mฏ[0m[0;37;40m [1;33m[W][0m[0;37;40m [1mThe Wall[0m[0;37;40m          [36mบ[0m
[0m[0;36;40mบ[37m   [1;36mฏ[0m[0;37;40m [1;33m[S][0m[0;37;40m [1mScan for New[0m[0;37;40m       [1;36mฏ[0m[0;37;40m [1;33m[D][0m[0;37;40m [1mDoors & Games[0m[0;37;40m      [1;36mฏ[0m[0;37;40m [1;33m[B][0m[0;37;40m [1mBulletins[0m[0;37;40m         [36mบ[0m
[0m[0;36;40mบ[37m   [1;36mฏ[0m[0;37;40m [1;33m[I][0m[0;37;40m [1mYour Inbox[0m[0;37;40m         [1;36mฏ[0m[0;37;40m [1;33m[O][0m[0;37;40m [1mWho's Online[0m[0;37;40m       [1;36mฏ[0m[0;37;40m [1;33m[L][0m[0;37;40m [1mLast Callers[0m[0;37;40m      [36mบ[0m
[0m[0;36;40mบ[37m                                                                             [36mบ[0m
[0m[0;36;40mบ[37m   [36mฤฤฤฤฤฤฤฤฤฤฤฤฤฤฤฤฤฤฤฤฤฤฤฤฤฤฤฤฤฤฤฤฤฤฤฤฤฤฤฤฤฤฤฤฤฤฤฤฤฤฤฤฤฤฤฤฤฤฤฤฤฤฤฤฤฤฤฤฤฤฤ[37m   [36mบ[0m
[0m[0;36;40mบ[37m                                                                             [36mบ[0m
[0m[0;36;40mบ[37m   [33mYOUR ACCOUNT[36mฤฤฤฤฤฤฤฤฤ[37m    [33mTHE SYSTEM[36mฤฤฤฤฤฤฤฤฤฤฤ[37m    [33mEXIT[36mฤฤฤฤฤฤฤฤฤฤฤฤฤฤฤฤฤ[37m   [36mบ[0m
[0m[0;36;40mบ[37m   [1;36mฏ[0m[0;37;40m [1;33m[U][0m[0;37;40m [1mSettings[0m[0;37;40m           [1;36mฏ[0m[0;37;40m [1;33m[H][0m[0;37;40m [1mHall of Fame[0m[0;37;40m       [1;36mฏ[0m[0;37;40m [1;34m[Q][0m[0;37;40m [1mLog Off[0m[0;37;40m           [36mบ[0m
[0m[0;36;40mบ[37m   [1;36mฏ[0m[0;37;40m [1;33m[G][0m[0;37;40m [1mFeedback[0m[0;37;40m           [1;36mฏ[0m[0;37;40m [1;33m[V][0m[0;37;40m [1mVoting Booth[0m[0;37;40m                               [36mบ[0m
[0m[0;36;40mบ[37m   [1;36mฏ[0m[0;37;40m [1;33m[C][0m[0;37;40m [1mChat to Sysop[0m[0;37;40m      [1;36mฏ[0m[0;37;40m [1;33m[?][0m[0;37;40m [1mHelp & Commands[0m[0;37;40m                            [36mบ[0m
[0m[0;36;40mบ[37m                                                                             [36mบ[0m
[0m[0;36;40mบ[37m   [36mฤฤฤฤฤฤฤฤฤฤฤฤฤฤฤฤฤฤฤฤฤฤฤฤฤฤฤฤฤฤฤฤฤฤฤฤฤฤฤฤฤฤฤฤฤฤฤฤฤฤฤฤฤฤฤฤฤฤฤฤฤฤฤฤฤฤฤฤฤฤฤ[37m   [36mบ[0m
[0m[0;36;40mบ[37m                                                                             [36mบ[0m
[0m[0;36;40mบ[37m   [36mCommand[37m [1;33mฏ[0m[0;37;40m [1mÛ[0m[0;37;40m                                                               [36mบ[0m
[0m[0;36;40mศอออออออออออออออออออออออออออออออออออออออออออออออออออออออออออออออออออออออออออออผ[0m