[2J[H[0m[0;33;40mÛÛÛÛÛÛÛÛÛÛÛÛÛÛÛÛÛÛÛÛÛÛÛÛÛÛÛÛÛÛÛÛÛÛÛÛÛÛÛÛÛÛÛÛÛÛÛÛÛÛÛÛÛÛÛÛÛÛÛÛÛÛÛÛÛÛÛÛÛÛÛÛÛÛÛÛÛÛÛ[0m
[1;36;40mษ[0m[0;36;40mอออออออออออออออออออออออออออออออออออออออออออออออออออออออออออออออออออออออออออออ[1mป[0m
[0m[0;36;40mบ[37m                             [1;33mT H E   Y E L L O W[0m[0;37;40m                             [36mบ[0m
[0m[0;36;40mบ[37m                 [33mÛÛÛÛÛ[37m  [33mÛÛÛ[37m   [33mÛÛÛ[37m   [33mÛÛÛÛ[37m [33mÛÛÛÛÛ[37m [33mÛÛÛÛÛ[37m [33mÛÛÛÛ[37m                    [36mบ[0m
[0m[0;36;40mบ[37m                  [31mÛ[33mÛ[31mÛÛÛ[33mÛ[37m [31mÛÛ[33mÛ[37m [33mÛ[37m [31mÛÛ[33mÛ[37m [33mÛ[37m [31mÛÛÛÛ[37m [31mÛ[33mÛ[31mÛÛÛ[33mÛ[31mÛÛÛÛÛ[33mÛ[31mÛÛÛ[33mÛ[37m                   [36mบ[0m
[0m[0;36;40mบ[37m                   [33mÛ[31mÛ[37m  [33mÛ[31mÛ[37m  [33mÛ[31mÛ[33mÛÛÛÛÛ[31mÛ[37m [33mÛÛÛ[37m    [33mÛ[31mÛ[37m  [33mÛÛÛ[37m   [33mÛÛÛÛ[37m [31mÛ[37m                  [36mบ[0m
[0m[0;36;40mบ[37m                   [33mÛ[31mÛ[37m  [33mÛ[31mÛ[37m  [33mÛ[31mÛ[33mÛ[31mÛÛÛ[33mÛ[31mÛ[37m  [31mÛÛ[33mÛ[37m   [33mÛ[31mÛ[37m  [33mÛ[31mÛÛÛ[37m  [33mÛ[31mÛÛ[33mÛ[31mÛ[37m                   [36mบ[0m
[0m[0;36;40mบ[37m                   [33mÛ[31mÛ[37m   [33mÛÛÛ[37m [31mÛ[33mÛ[31mÛ[37m  [33mÛ[31mÛ[33mÛÛÛÛ[37m [31mÛ[37m  [33mÛ[31mÛ[37m  [33mÛÛÛÛÛ[37m [33mÛ[31mÛ[37m  [33mÛ[37m                   [36mบ[0m
[0m[0;36;40mบ[37m                          [1;33mM E S S A G E   B A S E S[0m[0;37;40m                          [36mบ[0m
[0m[0;36;40mบ[37m                                                                             [36mบ[0m
[0m[0;36;40mบ[37m   [33mฐฐฐฐฐฐฐฐฐฐฐฐฐฐฐฐฐฐฐฐฐฐฐฐฐฐฑฑฑฑฒฒฒฒÛÛÛฒฒฒฒฑฑฑฑฐฐฐฐฐฐฐฐฐฐฐฐฐฐฐฐฐฐฐฐฐฐฐฐฐฐ[37m   [36mบ[0m
[0m[0;36;40mบ[37m    [30;46m READ & BROWSE [37;40m           [30;46m COMPOSE [37;40m                [30;46m SESSION [37;40m             [36mบ[0m
[0m[0;36;40mบ[37m    [36m[[1;33mR[0m[0;36;40m][37m [1mRead messages[0m[0;37;40m         [36m[[1;33mP[0m[0;36;40m][37m [1mPost public[0m[0;37;40m          [36m[[1;33mQ[0m[0;36;40m][37m [1mBack to main[0m[0;37;40m      [36mบ[0m
[0m[0;36;40mบ[37m    [36m[[1;33mA[0m[0;36;40m][37m [1mChange area[0m[0;37;40m           [36m[[1;33mE[0m[0;36;40m][37m [1mPrivate email[0m[0;37;40m                              [36mบ[0m
[0m[0;36;40mบ[37m    [36m[[1;33mS[0m[0;36;40m][37m [1mScan new posts[0m[0;37;40m        [36m[[1;33mN[0m[0;36;40m][37m [1mNetmail[0m[0;37;40m                                    [36mบ[0m
[0m[0;36;40mบ[37m    [36m[[1;33mI[0m[0;36;40m][37m [1mYour inbox[0m[0;37;40m            [36m[[1;33mF[0m[0;36;40m][37m [1mFeedback[0m[0;37;40m                                   [36mบ[0m
[0m[0;36;40mบ[37m                                                                             [36mบ[0m
[0m[0;36;40mบ[37m                                                                             [36mบ[0m
[0m[0;36;40mบ[37m                                                                             [36mบ[0m
[0m[0;36;40mบ[37m                                                                             [36mบ[0m
[0m[0;36;40mบ[37m                                                                             [36mบ[0m
[0m[0;36;40mบ[37m   [33mฐฐฐฐฐฐฐฐฐฐฐฐฐฐฐฐฐฐฐฐฐฐฐฐฐฐฑฑฑฑฒฒฒฒÛÛÛฒฒฒฒฑฑฑฑฐฐฐฐฐฐฐฐฐฐฐฐฐฐฐฐฐฐฐฐฐฐฐฐฐฐ[37m   [36mบ[0m
[0m[0;36;40mบ[37m                                                                             [36mบ[0m
[0m[0;36;40mบ[37m                                                                             [36mบ[0m
[0m[0;36;40mศอออออออออออออออออออออออออออออออออออออออออออออออออออออออออออออออออออออออออออออผ[0m