[2J[H[0m[0;33;40mÛÛÛÛÛÛÛÛÛÛÛÛÛÛÛÛÛÛÛÛÛÛÛÛÛÛÛÛÛÛÛÛÛÛÛÛÛÛÛÛÛÛÛÛÛÛÛÛÛÛÛÛÛÛÛÛÛÛÛÛÛÛÛÛÛÛÛÛÛÛÛÛÛÛÛÛÛÛÛ[0m
[1;36;40mษ[0m[0;36;40mอออออออออออออออออออออออออ[1mน[37m The Wall  -  One-liners [36mฬ[0m[0;36;40mอออออออออออออออออออออออออ[1mป[0m
[0m[0;36;40mบ[37m                                                                             [36mบ[0m
[0m[0;36;40mบ[37m                   [36mScrawl left by callers passing through[37m                    [36mบ[0m
[0m[0;36;40mบ[37m                                                                             [36mบ[0m
[0m[0;36;40mบ[37m                                                                             [36mบ[0m
[0m[0;36;40mบ[37m       [33m๙[37m [1m"Long live the StrongARM!"[0m[0;37;40m  [36m- MegaByte[37m                              [36mบ[0m
[0m[0;36;40mบ[37m                                                                             [36mบ[0m
[0m[0;36;40mบ[37m       [33m๙[37m [1m"26-bit or bust."[0m[0;37;40m  [36m- PiWizard[37m                                       [36mบ[0m
[0m[0;36;40mบ[37m                                                                             [36mบ[0m
[0m[0;36;40mบ[37m       [33m๙[37m [1m"My other computer is a BBC Micro."[0m[0;37;40m  [36m- 8bitBaz[37m                      [36mบ[0m
[0m[0;36;40mบ[37m                                                                             [36mบ[0m
[0m[0;36;40mบ[37m       [33m๙[37m [1m"Greets to everyone on RetroNet o/"[0m[0;37;40m  [36m- DemoScener[37m                   [36mบ[0m
[0m[0;36;40mบ[37m                                                                             [36mบ[0m
[0m[0;36;40mบ[37m       [33m๙[37m [1m"Does anyone still have the PD disk 42?"[0m[0;37;40m  [36m- AcornArthur[37m             [36mบ[0m
[0m[0;36;40mบ[37m                                                                             [36mบ[0m
[0m[0;36;40mบ[37m       [33m๙[37m [1m"Toast: it's not just for breakfast."[0m[0;37;40m  [36m- StrongARM[37m                  [36mบ[0m
[0m[0;36;40mบ[37m                                                                             [36mบ[0m
[0m[0;36;40mบ[37m                                                                             [36mบ[0m
[0m[0;36;40mบ[37m     [33mฒฒฒฒฒฒฒฒฒฒฒฒฒฒฒฒฒฒฒฒฒฒฒฒฒฒฒฒฒฒฒฒฒฒฒฒฒฒฒฒฒฒฒฒฒฒฒฒฒฒฒฒฒฒฒฒฒฒฒฒฒฒฒฒฒฒฒฒ[37m    [36mบ[0m
[0m[0;36;40mบ[37m     [33mฑฑฑฑฑฑฑฑฑฑฑฑฑฑฑฑฑฑฑฑฑฑฑฑฑฑฑฑฑฑฑฑฑฑฑฑฑฑฑฑฑฑฑฑฑฑฑฑฑฑฑฑฑฑฑฑฑฑฑฑฑฑฑฑฑฑฑฑ[37m    [36mบ[0m
[0m[0;36;40mบ[37m             [1;30m[A] add your own one-liner   ๙   [ENTER] to move on[0m[0;37;40m             [36mบ[0m
[0m[0;36;40mศอออออออออออออออออออออออออออออออออออออออออออออออออออออออออออออออออออออออออออออผ[0m
[1;37;44m [36m ฏ Line 1  ๙  GUEST[37m                                     [A]dd  [ENTER] skip   [0m