[2J[H[0m[0;33;40mÛÛÛÛÛÛÛÛÛÛÛÛÛÛÛÛÛÛÛÛÛÛÛÛÛÛÛÛÛÛÛÛÛÛÛÛÛÛÛÛÛÛÛÛÛÛÛÛÛÛÛÛÛÛÛÛÛÛÛÛÛÛÛÛÛÛÛÛÛÛÛÛÛÛÛÛÛÛÛ[0m
[1;36;40mษ[0m[0;36;40mออออออออออออออออออออออออออออออ[1mน[37m User Settings [36mฬ[0m[0;36;40mออออออออออออออออออออออออออออออ[1mป[0m
[0m[0;36;40mบ[37m                                                                             [36mบ[0m
[0m[0;36;40mบ[37m                   [36mTune the board to your terminal & taste[37m                   [36mบ[0m
[0m[0;36;40mบ[37m                   [36mฤฤฤฤฤฤฤฤฤฤฤฤฤฤฤฤฤฤฤฤฤฤฤฤฤฤฤฤฤฤฤฤฤฤฤฤฤฤฤฤ[37m                  [36mบ[0m
[0m[0;36;40mบ[37m                                                                             [36mบ[0m
[0m[0;36;40mบ[37m                                                                             [36mบ[0m
[0m[0;36;40mบ[37m         [1;36mฏ[0m[0;37;40m [1;33m[A][0m[0;37;40m [1mANSI Graphics[0m[0;37;40m                       [1;32mON[0m[0;37;40m                        [36mบ[0m
[0m[0;36;40mบ[37m         [1;36mฏ[0m[0;37;40m [1;33m[C][0m[0;37;40m [1mColour[0m[0;37;40m                              [1;32mON[0m[0;37;40m                        [36mบ[0m
[0m[0;36;40mบ[37m         [1;36mฏ[0m[0;37;40m [1;33m[W][0m[0;37;40m [1mScreen Width[0m[0;37;40m                        [1;32m79 columns[0m[0;37;40m                [36mบ[0m
[0m[0;36;40mบ[37m         [1;36mฏ[0m[0;37;40m [1;33m[P][0m[0;37;40m [1mPage Pause (More)[0m[0;37;40m                   [1;32mON[0m[0;37;40m                        [36mบ[0m
[0m[0;36;40mบ[37m         [1;36mฏ[0m[0;37;40m [1;33m[E][0m[0;37;40m [1mMessage Editor[0m[0;37;40m                      [1;32mFull-screen[0m[0;37;40m               [36mบ[0m
[0m[0;36;40mบ[37m         [1;36mฏ[0m[0;37;40m [1;33m[H][0m[0;37;40m [1mHot-keyed Menus[0m[0;37;40m                     [1;32mON[0m[0;37;40m                        [36mบ[0m
[0m[0;36;40mบ[37m         [1;36mฏ[0m[0;37;40m [1;33m[R][0m[0;37;40m [1mShow Real Name[0m[0;37;40m                      [1;30mOFF[0m[0;37;40m                       [36mบ[0m
[0m[0;36;40mบ[37m                                                                             [36mบ[0m
[0m[0;36;40mบ[37m         [36mฤฤฤฤฤฤฤฤฤฤฤฤฤฤฤฤฤฤฤฤฤฤฤฤฤฤฤฤฤฤฤฤฤฤฤฤฤฤฤฤฤฤฤฤฤฤฤฤฤฤฤฤฤฤฤฤฤฤฤฤ[37m        [36mบ[0m
[0m[0;36;40mบ[37m                                                                             [36mบ[0m
[0m[0;36;40mบ[37m         [1;36mฏ[0m[0;37;40m [1;33m[X][0m[0;37;40m [1mChange Password[0m[0;37;40m                                               [36mบ[0m
[0m[0;36;40mบ[37m         [1;36mฏ[0m[0;37;40m [1;33m[N][0m[0;37;40m [1mChange Real Name / Location[0m[0;37;40m                                   [36mบ[0m
[0m[0;36;40mบ[37m                                                                             [36mบ[0m
[0m[0;36;40mบ[37m         [1;30mToggle a setting with its key; changes save on [Q].[0m[0;37;40m                 [36mบ[0m
[0m[0;36;40mบ[37m     [36mCommand[37m [1;33mฏ[0m[0;37;40m [1mÛ[0m[0;37;40m                                                             [36mบ[0m
[0m[0;36;40mศอออออออออออออออออออออออออออออออออออออออออออออออออออออออออออออออออออออออออออออผ[0m
[1;37;44m [36m ฏ Line 1  ๙  GUEST[37m                                       [Q] save & return   [0m